// Jest Snapshot v1, https://goo.gl/fbAQLP

exports[`ScrollHandler Tests Render 1`] = `
<div
  class="sc-gKclnd kbxgzA"
  style="--scale: 1;"
>
  <div
    class="sc-bdvvtL emXPjC"
    style="--expansion: 0; --opacity: 0;"
  />
  <div
    class="sc-eCImPb dcSRhc"
  >
    <div
      class="sc-jRQBWg bjZsJa"
      style="--shift: 0px; --rotate: 0rad;"
    >
      <svg
        viewBox="
        -1 
        -1 
        102 
        102
      "
      >
        <rect
          fill="white"
          fill-opacity="0.1"
          height="100"
          stroke="white"
          stroke-width="2"
          width="100"
        />
      </svg>
    </div>
  </div>
  <div>
    <div
      class="sc-gsDKAQ bXvaKh"
    >
      <div
        class="sc-dkPtRN dKKzpj"
      >
        <svg
          viewBox="
        -2 
        -2 
        104 
        104
      "
        >
          <circle
            cx="50"
            cy="50"
            fill="white"
            fill-opacity="0.1"
            r="50"
            stroke="white"
            stroke-width="2"
          />
        </svg>
      </div>
      <div
        class="sc-hKwDye cnVMpZ"
        style="--opacity: 0; --shift: 80px;"
      />
    </div>
    <div
      class="sc-gsDKAQ gDKndc"
    >
      <div
        class="sc-dkPtRN dKKzpj"
      >
        <svg
          viewBox="
        -1 
        -1 
        102 
        102
      "
        >
          <rect
            fill="white"
            fill-opacity="0.1"
            height="100"
            stroke="white"
            stroke-width="2"
            width="100"
          />
        </svg>
      </div>
      <div
        class="sc-hKwDye cnVMpZ"
        style="--opacity: 0; --shift: 80px;"
      />
    </div>
    <div
      class="sc-gsDKAQ ldBIMc"
    >
      <div
        class="sc-dkPtRN dKKzpj"
      >
        <svg
          viewBox="
        -2 
        -2 
        104 
        104
      "
        >
          <circle
            cx="50"
            cy="50"
            fill="white"
            fill-opacity="0.1"
            r="50"
            stroke="white"
            stroke-width="2"
          />
        </svg>
      </div>
      <div
        class="sc-hKwDye cnVMpZ"
        style="--opacity: 0; --shift: 80px;"
      />
    </div>
  </div>
</div>
`;
